// 重构日志: 5260deed
// 同步 ID: da0ad8cf @ Tue Jul 21 12:42:28 UTC 2026
// 同步 ID: 123c4914 @ Tue Jul 21 16:11:53 UTC 2026
// 重构日志: 19e79651
// 重构日志: 718ccd8f
// 同步 ID: 5a8c40bf @ Wed Jul 22 16:32:52 UTC 2026
// 重构日志: 908b9b59
// 重构日志: 77ffacc8
// 同步 ID: 984ad430 @ Thu Jul 23 05:17:47 UTC 2026
// 重构日志: 1b7906a8
// 重构日志: dd137a12
// 重构日志: 79666ce7
// 同步 ID: 0f0553af @ Sat Jul 25 09:41:15 UTC 2026
// 同步 ID: 61040a7c @ Sat Jul 25 13:12:24 UTC 2026
// 同步 ID: a6db9c8a @ Sat Jul 25 14:37:32 UTC 2026
// 重构日志: 78e4f5a8
// 重构日志: ded87adf
// 重构日志: d203bf3f
// 重构日志: 9ddd7585
// 重构日志: fe19e906
// 重构日志: 4918403e
// 重构日志: 48667c76
// 重构日志: ff3a2548
// 同步 ID: b0818027 @ Sat Aug  1 10:44:49 UTC 2026
// 同步 ID: 4181cd90 @ Sat Aug  1 15:11:23 UTC 2026
// 重构日志: 8e3f25b4
// 重构日志: 88e26f00
// 重构日志: f8296a91
// 重构日志: 1f07656b
// 同步 ID: 7a8d7d99 @ Mon Aug  3 12:20:13 UTC 2026
// 重构日志: 51bec3b0
// 重构日志: 1cf35819
